<?xml version="1.0" encoding="UTF-8"?>
<TestRun id="2c38f409-1b97-414b-b577-f928f6544325" name="satyajit@ANCONIA 2010-01-31 15:54:40" runUser="Anconia\satyajit" xmlns="http://microsoft.com/schemas/VisualStudio/TeamTest/2010">
  <TestSettings name="Local" id="24005328-42bc-4836-a8a7-df22ad7f1a04">
    <Description>These are default test settings for a local test run.</Description>
    <Deployment enabled="false" runDeploymentRoot="satyajit_ANCONIA 2010-01-31 15_54_40">
      <DeploymentItem filename="C:\Users\satyajit\Documents\Visual Studio 2010\Projects\Practise\Practise\bin\Debug\Practise.dll" />
    </Deployment>
    <Execution>
      <TestTypeSpecific />
      <AgentRule name="Execution Agents">
      </AgentRule>
    </Execution>
  </TestSettings>
  <Times creation="2010-01-31T15:54:40.9882916-08:00" queuing="2010-01-31T15:54:41.0132930-08:00" start="2010-01-31T15:54:41.0862972-08:00" finish="2010-01-31T15:54:41.7323342-08:00" />
  <ResultSummary outcome="Completed">
    <Counters total="5" executed="5" passed="5" error="0" failed="0" timeout="0" aborted="0" inconclusive="0" passedButRunAborted="0" notRunnable="0" notExecuted="0" disconnected="0" warning="0" completed="0" inProgress="0" pending="0" />
  </ResultSummary>
  <TestDefinitions>
    <UnitTest name="TestNegativeSubtraction" storage="c:\users\satyajit\documents\visual studio 2010\projects\practise\testpractise\bin\debug\testpractise.dll" id="f9085e1a-d2f8-c8fb-04ef-3e4eec939b9b">
      <Execution id="8246c064-580d-4e37-ac57-3891ddff19e7" />
      <TestMethod codeBase="C:/Users/satyajit/Documents/Visual Studio 2010/Projects/Practise/TestPractise/bin/Debug/TestPractise.DLL" adapterTypeName="Microsoft.VisualStudio.TestTools.TestTypes.Unit.UnitTestAdapter, Microsoft.VisualStudio.QualityTools.Tips.UnitTest.Adapter, Version=10.0.0.0, Culture=neutral, PublicKeyToken=b03f5f7f11d50a3a" className="TestPractise.MainTest, TestPractise, Version=1.0.0.0, Culture=neutral, PublicKeyToken=null" name="TestNegativeSubtraction" />
    </UnitTest>
    <UnitTest name="TestNegativeMaxRangeSubtraction" storage="c:\users\satyajit\documents\visual studio 2010\projects\practise\testpractise\bin\debug\testpractise.dll" id="185d5a06-c474-ed01-2b16-68bba897db3f">
      <Execution id="6357e5d3-7b25-4660-a85f-1b3abf692c59" />
      <TestMethod codeBase="C:/Users/satyajit/Documents/Visual Studio 2010/Projects/Practise/TestPractise/bin/Debug/TestPractise.DLL" adapterTypeName="Microsoft.VisualStudio.TestTools.TestTypes.Unit.UnitTestAdapter, Microsoft.VisualStudio.QualityTools.Tips.UnitTest.Adapter, Version=10.0.0.0, Culture=neutral, PublicKeyToken=b03f5f7f11d50a3a" className="TestPractise.MainTest, TestPractise, Version=1.0.0.0, Culture=neutral, PublicKeyToken=null" name="TestNegativeMaxRangeSubtraction" />
    </UnitTest>
    <UnitTest name="TestAdd" storage="c:\users\satyajit\documents\visual studio 2010\projects\practise\testpractise\bin\debug\testpractise.dll" id="7504b88b-a9c7-4f16-2b97-38de1fe1d1d4">
      <Execution id="b457407b-aecc-481a-8279-763a714eb6f0" />
      <TestMethod codeBase="C:/Users/satyajit/Documents/Visual Studio 2010/Projects/Practise/TestPractise/bin/Debug/TestPractise.DLL" adapterTypeName="Microsoft.VisualStudio.TestTools.TestTypes.Unit.UnitTestAdapter, Microsoft.VisualStudio.QualityTools.Tips.UnitTest.Adapter, Version=10.0.0.0, Culture=neutral, PublicKeyToken=b03f5f7f11d50a3a" className="TestPractise.MainTest, TestPractise, Version=1.0.0.0, Culture=neutral, PublicKeyToken=null" name="TestAdd" />
    </UnitTest>
    <UnitTest name="TestEmptyWhenNotEmpty" storage="c:\users\satyajit\documents\visual studio 2010\projects\practise\testpractise\bin\debug\testpractise.dll" id="adf39ccb-7547-0e0f-2a20-d863544f19cf">
      <Execution id="c0361b8b-5cab-430f-a4e2-b8592201aeb8" />
      <TestMethod codeBase="C:/Users/satyajit/Documents/Visual Studio 2010/Projects/Practise/TestPractise/bin/Debug/TestPractise.DLL" adapterTypeName="Microsoft.VisualStudio.TestTools.TestTypes.Unit.UnitTestAdapter, Microsoft.VisualStudio.QualityTools.Tips.UnitTest.Adapter, Version=10.0.0.0, Culture=neutral, PublicKeyToken=b03f5f7f11d50a3a" className="TestPractise.PIELinkedListProbsTest, TestPractise, Version=1.0.0.0, Culture=neutral, PublicKeyToken=null" name="TestEmptyWhenNotEmpty" />
    </UnitTest>
    <UnitTest name="TestSubtract" storage="c:\users\satyajit\documents\visual studio 2010\projects\practise\testpractise\bin\debug\testpractise.dll" id="c298320e-b549-5bd3-4bc9-05889fd8d069">
      <Execution id="abf039ef-fe58-4ba5-a469-74511b911194" />
      <TestMethod codeBase="C:/Users/satyajit/Documents/Visual Studio 2010/Projects/Practise/TestPractise/bin/Debug/TestPractise.DLL" adapterTypeName="Microsoft.VisualStudio.TestTools.TestTypes.Unit.UnitTestAdapter, Microsoft.VisualStudio.QualityTools.Tips.UnitTest.Adapter, Version=10.0.0.0, Culture=neutral, PublicKeyToken=b03f5f7f11d50a3a" className="TestPractise.MainTest, TestPractise, Version=1.0.0.0, Culture=neutral, PublicKeyToken=null" name="TestSubtract" />
    </UnitTest>
  </TestDefinitions>
  <TestLists>
    <TestList name="Results Not in a List" id="8c84fa94-04c1-424b-9868-57a2d4851a1d" />
    <TestList name="All Loaded Results" id="19431567-8539-422a-85d7-44ee4e166bda" />
  </TestLists>
  <TestEntries>
    <TestEntry testId="185d5a06-c474-ed01-2b16-68bba897db3f" executionId="6357e5d3-7b25-4660-a85f-1b3abf692c59" testListId="8c84fa94-04c1-424b-9868-57a2d4851a1d" />
    <TestEntry testId="7504b88b-a9c7-4f16-2b97-38de1fe1d1d4" executionId="b457407b-aecc-481a-8279-763a714eb6f0" testListId="8c84fa94-04c1-424b-9868-57a2d4851a1d" />
    <TestEntry testId="adf39ccb-7547-0e0f-2a20-d863544f19cf" executionId="c0361b8b-5cab-430f-a4e2-b8592201aeb8" testListId="8c84fa94-04c1-424b-9868-57a2d4851a1d" />
    <TestEntry testId="c298320e-b549-5bd3-4bc9-05889fd8d069" executionId="abf039ef-fe58-4ba5-a469-74511b911194" testListId="8c84fa94-04c1-424b-9868-57a2d4851a1d" />
    <TestEntry testId="f9085e1a-d2f8-c8fb-04ef-3e4eec939b9b" executionId="8246c064-580d-4e37-ac57-3891ddff19e7" testListId="8c84fa94-04c1-424b-9868-57a2d4851a1d" />
  </TestEntries>
  <Results>
    <UnitTestResult executionId="6357e5d3-7b25-4660-a85f-1b3abf692c59" testId="185d5a06-c474-ed01-2b16-68bba897db3f" testName="TestNegativeMaxRangeSubtraction" computerName="ANCONIA" duration="00:00:00.0230480" startTime="2010-01-31T15:54:41.0852972-08:00" endTime="2010-01-31T15:54:41.6523296-08:00" testType="13cdc9d9-ddb5-4fa4-a97d-d965ccfc6d4b" outcome="Passed" testListId="8c84fa94-04c1-424b-9868-57a2d4851a1d" relativeResultsDirectory="6357e5d3-7b25-4660-a85f-1b3abf692c59">
    </UnitTestResult>
    <UnitTestResult executionId="b457407b-aecc-481a-8279-763a714eb6f0" testId="7504b88b-a9c7-4f16-2b97-38de1fe1d1d4" testName="TestAdd" computerName="ANCONIA" duration="00:00:00.0030945" startTime="2010-01-31T15:54:41.6573299-08:00" endTime="2010-01-31T15:54:41.6653303-08:00" testType="13cdc9d9-ddb5-4fa4-a97d-d965ccfc6d4b" outcome="Passed" testListId="8c84fa94-04c1-424b-9868-57a2d4851a1d" relativeResultsDirectory="b457407b-aecc-481a-8279-763a714eb6f0">
    </UnitTestResult>
    <UnitTestResult executionId="c0361b8b-5cab-430f-a4e2-b8592201aeb8" testId="adf39ccb-7547-0e0f-2a20-d863544f19cf" testName="TestEmptyWhenNotEmpty" computerName="ANCONIA" duration="00:00:00.0023641" startTime="2010-01-31T15:54:41.6693306-08:00" endTime="2010-01-31T15:54:41.6883317-08:00" testType="13cdc9d9-ddb5-4fa4-a97d-d965ccfc6d4b" outcome="Passed" testListId="8c84fa94-04c1-424b-9868-57a2d4851a1d" relativeResultsDirectory="c0361b8b-5cab-430f-a4e2-b8592201aeb8">
    </UnitTestResult>
    <UnitTestResult executionId="abf039ef-fe58-4ba5-a469-74511b911194" testId="c298320e-b549-5bd3-4bc9-05889fd8d069" testName="TestSubtract" computerName="ANCONIA" duration="00:00:00.0002797" startTime="2010-01-31T15:54:41.6993323-08:00" endTime="2010-01-31T15:54:41.7043326-08:00" testType="13cdc9d9-ddb5-4fa4-a97d-d965ccfc6d4b" outcome="Passed" testListId="8c84fa94-04c1-424b-9868-57a2d4851a1d" relativeResultsDirectory="abf039ef-fe58-4ba5-a469-74511b911194">
    </UnitTestResult>
    <UnitTestResult executionId="8246c064-580d-4e37-ac57-3891ddff19e7" testId="f9085e1a-d2f8-c8fb-04ef-3e4eec939b9b" testName="TestNegativeSubtraction" computerName="ANCONIA" duration="00:00:00.0002838" startTime="2010-01-31T15:54:41.7073327-08:00" endTime="2010-01-31T15:54:41.7123330-08:00" testType="13cdc9d9-ddb5-4fa4-a97d-d965ccfc6d4b" outcome="Passed" testListId="8c84fa94-04c1-424b-9868-57a2d4851a1d" relativeResultsDirectory="8246c064-580d-4e37-ac57-3891ddff19e7">
    </UnitTestResult>
  </Results>
</TestRun>